// Jest Snapshot v1, https://goo.gl/fbAQLP

exports[`renders correctly 1`] = `
Object {
  "Options": Object {
    "item": Object {},
    "onUpdateSuccess": [Function],
  },
  "html": "
<h6>Tag: null</h6>
<form class=\\"form-layout\\">
  <!--0-->
  <!--0-->
  <!--1-->
  <div class=\\"form-group\\">
    <label>Name:</label>
    <input name=\\"name\\" type=\\"text\\" autofocus=\\"\\">
  </div>
  <!--0-->
  <!--2-->
  <button type=\\"submit\\">
    <!--3-->Update
    <!--4-->
  </button>
  <!--5-->
</form>
<!--0-->
<!--1-->
<!--0-->
<!--0-->
",
}
`;
