// Jest Snapshot v1, https://goo.gl/fbAQLP

exports[`renders correctly 1`] = `
Object {
  "Options": Object {
    "cancelText": "Cancel",
    "dataSaving": false,
    "isDanger": false,
    "okText": "Ok",
    "onClose": [Function],
    "onOk": [Function],
    "text": "",
    "title": "",
  },
  "html": "
<div class=\\"modal\\" data-test-modal=\\"\\"><span class=\\"close\\" title=\\"Close Modal\\" data-test-close-button=\\"\\">×</span>
  <!--0-->
  <div class=\\"modal-content\\">
    <div class=\\"container\\">
      <h4></h4>
      <p class=\\"content\\"></p>
      <div class=\\"footer\\">
        <button data-test-ok-button=\\"\\" class=\\"\\">Ok</button>
        <button class=\\"btn-secondary\\" data-test-cancel-button=\\"\\">Cancel</button>
      </div>
    </div>
  </div>
</div>
",
}
`;
