// Jest Snapshot v1, https://goo.gl/fbAQLP

exports[`renders correctly 1`] = `
Object {
  "Options": Object {
    "ID": "component",
    "directives": Object {
      "EventListener": [Function],
      "UpdateOnEvent": [Function],
      "disabled": [Function],
      "onChangeUpdate": [Function],
      "onFocusIn": [Function],
      "onInputUpdate": [Function],
      "onclick": [Function],
      "oninput": [Function],
      "onload": [Function],
      "onresize": [Function],
      "onscroll": [Function],
      "onselect": [Function],
      "onsubmit": [Function],
      "ref": [Function],
    },
    "onChange": [Function],
    "query": "",
    "showItems": false,
  },
  "html": "
<div class=\\"autocomplete-input\\">
  <input autocomplete=\\"off\\">
  <!--0-->
</div>
",
}
`;
