// Jest Snapshot v1, https://goo.gl/fbAQLP

exports[`renders correctly 1`] = `
Object {
  "Options": Object {
    "ID": "component",
    "directives": Object {
      "hrefto": [Function],
    },
  },
  "html": "
<div class=\\"container-fluid\\">
  <div class=\\"page404  widget\\">
    <div class=\\"content\\">
      <h1>404</h1>
      <h3>Page Not Found.</h3>
      <p>It looks like nothing was found at this location. </p>
      <a class=\\"btn-custom\\" href=\\"/\\">Go back to Home</a>
    </div>
  </div>
</div>
",
}
`;
