// Jest Snapshot v1, https://goo.gl/fbAQLP

exports[`renders correctly 1`] = `
Object {
  "Options": Object {
    "getPageTitle": [Function],
    "loadData": [Function],
  },
  "html": "
<div data-test-page-body=\\"\\">
  <section class=\\"section pt-55\\">
    <!--0-->
    <!--1-->
    <div class=\\"container-fluid\\">
      <div class=\\"row\\">
        <!--2-->
        <div class=\\"col-lg-12\\">
          <div class=\\"pagination mt--10\\">
            <ul class=\\"list-inline\\">
              <!--0-->
              <li>
                <a data-test-page=\\"1\\" class=\\"\\" href=\\"/\\">1</a>
              </li>
              <!--1-->
              <!--0-->
              <li>
                <a data-test-page=\\"2\\" class=\\"active\\" href=\\"/\\">2</a>
              </li>
              <!--1-->
              <!--0-->
              <li>
                <a data-test-page=\\"3\\" class=\\"\\" href=\\"/\\">3</a>
              </li>
              <!--1-->
              <!--0-->
              <li>
                <a data-test-page=\\"4\\" class=\\"\\" href=\\"/\\">4</a>
              </li>
              <!--1-->
              <!--0-->
              <li>
                <a data-test-page=\\"5\\" class=\\"\\" href=\\"/\\">5</a>
              </li>
              <!--1-->
              <!--0-->
              <li>
                <a data-test-page=\\"6\\" class=\\"\\" href=\\"/\\">6</a>
              </li>
              <!--1-->
            </ul>
          </div>
        </div>
      </div>
    </div>
  </section>
  <!--0-->
</div>
<!--0-->
<!--0-->
<!--0-->
",
}
`;
