// Jest Snapshot v1, https://goo.gl/fbAQLP

exports[`renders correctly 1`] = `
Object {
  "Options": Object {
    "onClose": [Function],
  },
  "html": "
<div class=\\"search\\">
  <div class=\\"container-fluid\\">
    <div class=\\"search-width  text-center\\">
      <button type=\\"button\\" class=\\"close\\">
        <i class=\\"icon-cancel\\"></i>
      </button>
      <form class=\\"search-form\\">
        <input type=\\"search\\" placeholder=\\"What are you looking for?\\" name=\\"query\\">
        <button type=\\"submit\\" class=\\"search-btn\\">search</button>
      </form>
    </div>
  </div>
</div>
",
}
`;
