// Jest Snapshot v1, https://goo.gl/fbAQLP

exports[`renders correctly 1`] = `
Object {
  "Options": Object {
    "currentPage": 1,
    "goToPage": [Function],
    "limit": 50,
    "pageArraySize": 7,
    "patch": "",
    "pathName": "",
    "queryString": "",
    "total": 0,
  },
  "html": "
<div class=\\"pagination mt--10\\">
  <ul class=\\"list-inline\\">
    <!--0-->
    <li>
      <a data-test-page=\\"1\\" class=\\"active\\" href=\\"/\\">1</a>
    </li>
    <!--1-->
  </ul>
</div>
",
}
`;
