// Jest Snapshot v1, https://goo.gl/fbAQLP

exports[`renders correctly 1`] = `
Object {
  "Options": Object {
    "category": "",
    "content": "",
    "createdAt": "",
    "slug": "",
    "title": "",
  },
  "html": "
<div class=\\"col-lg-4 col-md-6\\">
  <div class=\\"post-card\\">
    <div class=\\"post-card-content\\">
      <a class=\\"categorie\\" href=\\"/\\">null</a>
      <h5>
        <a href=\\"/\\"></a>
      </h5>
      <p></p>
      <div class=\\"post-card-info\\">
        <ul class=\\"list-inline\\">
          <li>Invalid Date</li>
        </ul>
      </div>
    </div>
  </div>
</div>
",
}
`;
