// Jest Snapshot v1, https://goo.gl/fbAQLP

exports[`renders correctly 1`] = `
Object {
  "Options": Object {
    "id": "",
    "onUpdateSuccess": [Function],
    "pass1": "",
    "pass2": "",
  },
  "html": "
<form class=\\"form-layout\\">
  <!--0-->
  <!--0-->
  <!--1-->
  <div class=\\"form-group\\">
    <label>Password:</label>
    <input name=\\"pass1\\" type=\\"password\\" autofocus=\\"\\">
  </div>
  <div class=\\"form-group\\">
    <label>Confirm password:</label>
    <input name=\\"pass2\\" type=\\"password\\">
  </div>
  <!--0-->
  <!--2-->
  <button type=\\"submit\\">
    <!--3-->Update
    <!--4-->
  </button>
  <!--5-->
</form>
<!--0-->
<!--1-->
<!--0-->
",
}
`;
