// Jest Snapshot v1, https://goo.gl/fbAQLP

exports[`renders correctly 1`] = `
Object {
  "Options": Object {
    "ID": "component",
    "articles": Array [],
    "deleteModalVisible": false,
    "refresh": [Function],
    "showErrors": [Function],
  },
  "html": "
<table class=\\"list-table\\">
  <thead>
    <tr>
      <th>ID</th>
      <th>Title</th>
      <th>Slug</th>
      <th>Category</th>
      <th>Published at</th>
      <th></th>
    </tr>
  </thead>
  <tbody>
    <!--0-->
  </tbody>
</table>
<!--1-->
",
}
`;
