// Jest Snapshot v1, https://goo.gl/fbAQLP

exports[`renders correctly 1`] = `
Object {
  "Options": Object {
    "appState": Object {
      "darkThemeEnabled": false,
      "routerResolved": false,
    },
  },
  "html": "
<div class=\\"logo\\">
  <a href=\\"/\\">
    <img src=\\"/images/logo-dark.png\\" alt=\\"logo\\">
  </a>
</div>
",
}
`;
