// Jest Snapshot v1, https://goo.gl/fbAQLP

exports[`renders correctly 1`] = `
Object {
  "Options": Object {
    "appState": Object {
      "darkThemeEnabled": false,
      "routerResolved": false,
    },
  },
  "html": "
<div class=\\"theme-switch-wrapper\\">
  <label class=\\"theme-switch\\" for=\\"checkbox\\">
    <input type=\\"checkbox\\" id=\\"checkbox\\">
    <div class=\\"slider round\\"></div>
  </label>
</div>
",
}
`;

exports[`toggle theme 1`] = `
Object {
  "Options": Object {
    "appState": Object {
      "darkThemeEnabled": false,
      "routerResolved": false,
    },
  },
  "html": "
<div class=\\"theme-switch-wrapper\\">
  <label class=\\"theme-switch\\" for=\\"checkbox\\">
    <input type=\\"checkbox\\" id=\\"checkbox\\">
    <div class=\\"slider round\\"></div>
  </label>
</div>
",
}
`;
