// Jest Snapshot v1, https://goo.gl/fbAQLP

exports[`renders correctly 1`] = `
Object {
  "Options": Object {
    "confirmDeleteText": [Function],
    "deleteItem": [Function],
    "deleteModalVisible": false,
    "item": null,
    "items": Array [],
    "onSelectItem": [Function],
    "refresh": [Function],
    "showErrors": [Function],
    "typeName": "",
  },
  "html": "
<!--0-->
<!--1-->
",
}
`;
