// Jest Snapshot v1, https://goo.gl/fbAQLP

exports[`display errors 1`] = `
Object {
  "Options": Object {},
  "html": "
<!--0-->
<!--0-->
<!--0-->
<!--0-->
<!--0-->
",
}
`;

exports[`renders correctly 1`] = `
Object {
  "Options": Object {},
  "html": "
<!--0-->
<!--0-->
<!--0-->
<!--0-->
<!--0-->
",
}
`;
