// Jest Snapshot v1, https://goo.gl/fbAQLP

exports[`renders correctly 1`] = `
Object {
  "Options": Object {
    "items": Array [],
  },
  "html": "
<table>
  <thead>
    <tr>
      <th>ID</th>
      <th>Name</th>
      <th>Slug</th>
      <th></th>
    </tr>
  </thead>
  <tbody></tbody>
</table>
",
}
`;
